// Jest Snapshot v1, https://goo.gl/fbAQLP

exports[`Menu should match the snapshot with all data passed in correctly 1`] = `
<aside
  className="nav-bar"
>
  <h1>
    What's New?
  </h1>
</aside>
`;
