// Jest Snapshot v1, https://goo.gl/fbAQLP

exports[`App should match the snapshot with all data passed in correctly 1`] = `
<form
  className="nav-bar"
>
  <input
    className="search-input"
    onChange={[Function]}
    placeholder="Search for article here"
    type="text"
    value=""
  />
  <button
    className="search-btn"
    onClick={[Function]}
    type="button"
  >
    Search
  </button>
</form>
`;
