// Jest Snapshot v1, https://goo.gl/fbAQLP

exports[`App should match the snapshot with all data passed in correctly 1`] = `
<main
  className="app"
>
  <Menu
    changeCategory={[Function]}
    data={
      Object {
        "articleShown": Object {},
        "categories": Object {},
      }
    }
  />
  <section
    className="main-section"
  >
    <SearchForm
      filterArticles={[Function]}
    />
    <NewsContainer />
  </section>
</main>
`;
